                                   MODFLOW 6
                U.S. GEOLOGICAL SURVEY MODULAR HYDROLOGIC MODEL
                          GROUNDWATER FLOW MODEL (GWF)
                            VERSION 6.7.0 02/05/2026

   MODFLOW 6 compiled Feb 05 2026 22:36:44 with Intel(R) Fortran Intel(R) 64
   Compiler Classic for applications running on Intel(R) 64, Version 2021.6.0
                             Build 20220226_000000

This software has been approved for release by the U.S. Geological 
Survey (USGS). Although the software has been subjected to rigorous 
review, the USGS reserves the right to update the software as needed 
pursuant to further analysis and review. No warranty, expressed or 
implied, is made by the USGS or the U.S. Government as to the 
functionality of the software and related material nor shall the 
fact of release constitute any such warranty. Furthermore, the 
software is released on condition that neither the USGS nor the U.S. 
Government shall be held liable for any damages resulting from its 
authorized or unauthorized use. Also refer to the USGS Water 
Resources Software User Rights Notice for complete use, copyright, 
and distribution information.


As a work of the United States Government, this USGS product is 
in the public domain within the United States. You can copy, 
modify, distribute, and perform the work, even for commercial 
purposes, all without asking permission. Additionally, USGS 
waives copyright and related rights in the work worldwide 
through CC0 1.0 Universal Public Domain Dedication 
(https://creativecommons.org/publicdomain/zero/1.0/).

The following GNU Lesser General Public License (LGPL) libraries
are used in this USGS product:

    SPARSKIT version 2.0
      ilut, luson, and qsplit 
      (https://www-users.cse.umn.edu/~saad/software/SPARSKIT/)

    RCM - Reverse Cuthill McKee Ordering
      (https://people.math.sc.edu/Burkardt/f_src/rcm/rcm.html)

    BLAS - Basic Linear Algebra Subprograms Level 1
      (https://people.math.sc.edu/Burkardt/f_src/blas1_d/blas1_d.html)

    SPARSEKIT - Sparse Matrix Utility Package
      amux, dperm, dvperm, rperm, and cperm
      (https://people.sc.fsu.edu/~jburkardt/f77_src/sparsekit/sparsekit.html)

The following BSD-3 License libraries are used in this USGS product:

    Modern Fortran DAG Library
      Copyright (c) 2018, Jacob Williams
      All rights reserved.
      (https://github.com/jacobwilliams/daglib)

MODFLOW 6 compiler options: /Isrc\libmf6_external.a.p /Isrc\libmf6core.a.p
/Isrc /I..\src /MT /nologo /warn:general /warn:truncated_source /stand:f18
/O2 /fpe:0 /heap-arrays:0 /traceback /fpp /Qdiag-disable:7416
/Qdiag-disable:7025 /Qdiag-disable:5268 /Qdiag-disable:10448
/Fdsrc\libmf6core.a.p\Utilities_compilerversion.F90.pdb
/module:src\libmf6core.a.p
/Fosrc/libmf6core.a.p/Utilities_compilerversion.F90.obj /c

System command used to initiate simulation:
C:\Python\Personal\mcculloch-processors\binaries\mf6.exe

MODFLOW was compiled using uniform precision.

Real Variables
  KIND: 8
  TINY (smallest non-zero value):    2.225074-308
  HUGE (largest value):    1.797693+308
  PRECISION: 15
  SIZE IN BITS: 64

Integer Variables
  KIND: 4
  HUGE (largest value): 2147483647
  SIZE IN BITS: 32

Long Integer Variables
  KIND: 8
  HUGE (largest value): 9223372036854775807
  SIZE IN BITS: 64

Logical Variables
  KIND: 4
  SIZE IN BITS: 32
 
 NAMEFILE OPTIONS:
 END NAMEFILE OPTIONS:

 DIS -- STRUCTURED GRID DISCRETIZATION PACKAGE, VERSION 2 : 3/27/2014 - INPUT READ FROM MEMPATH: __INPUT__/PARENT_MF6/DIS                          


 NPF -- NODE PROPERTY FLOW PACKAGE, VERSION 1, 3/30/2015 INPUT READ FROM MEMPATH: __INPUT__/PARENT_MF6/NPF                          


 IC -- Initial Conditions Package, Version 8, 3/28/2015 input read from mempath: __INPUT__/PARENT_MF6/IC                           


 Setting Discretization Options
    Model length unit [0=UND, 1=FEET, 2=METERS, 3=CENTIMETERS] set as 0
 End Setting Discretization Options

 Setting Discretization Dimensions
    NLAY = 1
    NROW = 50
    NCOL = 108
 End Setting Discretization Dimensions

 Setting Discretization Griddata
    DELR set from input file
    DELC set from input file
    TOP set from input file
    BOTM set from input file
 End Setting Discretization Griddata

 Setting NPF Options
    Vertical flow will be adjusted for perched conditions.
    Vertical conductance varies with water table.
    Vertical conductance is calculated using only the saturated thickness and properties of the overlying cell if the head in the underlying cell is below its top.
 End Setting NPF Options

 Setting NPF Griddata
    ICELLTYPE set from input file
    K set from input file
    K33 not provided.  Setting K33 = K.
    K22 not provided.  Setting K22 = K.
 End Setting NPF Griddata


 WEL -- WEL PACKAGE, VERSION 8, 2/22/2014 INPUT READ FROM MEMPATH: __INPUT__/PARENT_MF6/WEL-1                        

 PROCESSING WEL BASE OPTIONS
    LISTS OF WEL CELLS WILL BE PRINTED.
    WEL FLOWS WILL BE PRINTED TO LISTING FILE.
 END OF WEL BASE OPTIONS

 PROCESSING WEL OPTIONS
 END OF WEL OPTIONS

 PROCESSING WEL BASE DIMENSIONS
    MAXBOUND =       1
 END OF WEL BASE DIMENSIONS

 CHD -- CHD PACKAGE, VERSION 8, 2/22/2014 INPUT READ FROM MEMPATH: __INPUT__/PARENT_MF6/CHD-FROM-IBOUND              

 PROCESSING CHD BASE OPTIONS
    LISTS OF CHD CELLS WILL BE PRINTED.
    CHD FLOWS WILL BE PRINTED TO LISTING FILE.
 END OF CHD BASE OPTIONS

 PROCESSING CHD BASE DIMENSIONS
    MAXBOUND =     100
 END OF CHD BASE DIMENSIONS
    STRT set from input file
    BINARY GRID INFORMATION WILL BE WRITTEN TO:
      UNIT NUMBER: 1014
      FILE NAME: PARENT_mf6.dis.grb

 OPENED PARENT_mf6.dis.grb
 FILE TYPE:DATA(BINARY)   UNIT 1014   STATUS:REPLACE             
 FORMAT:UNFORMATTED            ACCESS:STREAM              
 ACTION:READWRITE           

      THE LAST TIME STEP WILL BE PRINTED
      THE LAST TIME STEP WILL BE PRINTED

 PROCESSING OC OPTIONS

    HEAD INFORMATION WILL BE WRITTEN TO:
      UNIT NUMBER: 1015
      FILE NAME: PARENT_mf6_headc

 OPENED PARENT_mf6_headc
 FILE TYPE:DATA(BINARY)   UNIT 1015   STATUS:REPLACE             
 FORMAT:UNFORMATTED            ACCESS:STREAM              
 ACTION:READWRITE           

 END OF OC OPTIONS

start timestep kper="1" kstp="1" mode="normal"


 BEGIN READING OUTPUT CONTROL FOR STRESS PERIOD 1
      ALL TIME STEPS WILL BE PRINTED
      ALL TIME STEPS WILL BE SAVED
      ALL TIME STEPS WILL BE PRINTED

 END READING OUTPUT CONTROL FOR STRESS PERIOD 1
 ----------------------------------
  WEL NO.    LAYER    ROW     COL  
 ----------------------------------
     1         1      26      30   
 ----------------------------------


 ----------------------------------
  CHD NO.    LAYER    ROW     COL  
 ----------------------------------
     1         1       1       1   
     2         1       1      108  
     3         1       2       1   
     4         1       2      108  
     5         1       3       1   
     6         1       3      108  
     7         1       4       1   
     8         1       4      108  
     9         1       5       1   
     10        1       5      108  
     11        1       6       1   
     12        1       6      108  
     13        1       7       1   
     14        1       7      108  
     15        1       8       1   
     16        1       8      108  
     17        1       9       1   
     18        1       9      108  
     19        1      10       1   
     20        1      10      108  
     21        1      11       1   
     22        1      11      108  
     23        1      12       1   
     24        1      12      108  
     25        1      13       1   
     26        1      13      108  
     27        1      14       1   
     28        1      14      108  
     29        1      15       1   
     30        1      15      108  
     31        1      16       1   
     32        1      16      108  
     33        1      17       1   
     34        1      17      108  
     35        1      18       1   
     36        1      18      108  
     37        1      19       1   
     38        1      19      108  
     39        1      20       1   
     40        1      20      108  
     41        1      21       1   
     42        1      21      108  
     43        1      22       1   
     44        1      22      108  
     45        1      23       1   
     46        1      23      108  
     47        1      24       1   
     48        1      24      108  
     49        1      25       1   
     50        1      25      108  
     51        1      26       1   
     52        1      26      108  
     53        1      27       1   
     54        1      27      108  
     55        1      28       1   
     56        1      28      108  
     57        1      29       1   
     58        1      29      108  
     59        1      30       1   
     60        1      30      108  
     61        1      31       1   
     62        1      31      108  
     63        1      32       1   
     64        1      32      108  
     65        1      33       1   
     66        1      33      108  
     67        1      34       1   
     68        1      34      108  
     69        1      35       1   
     70        1      35      108  
     71        1      36       1   
     72        1      36      108  
     73        1      37       1   
     74        1      37      108  
     75        1      38       1   
     76        1      38      108  
     77        1      39       1   
     78        1      39      108  
     79        1      40       1   
     80        1      40      108  
     81        1      41       1   
     82        1      41      108  
     83        1      42       1   
     84        1      42      108  
     85        1      43       1   
     86        1      43      108  
     87        1      44       1   
     88        1      44      108  
     89        1      45       1   
     90        1      45      108  
     91        1      46       1   
     92        1      46      108  
     93        1      47       1   
     94        1      47      108  
     95        1      48       1   
     96        1      48      108  
     97        1      49       1   
     98        1      49      108  
     99        1      50       1   
    100        1      50      108  
 ----------------------------------



 WEL PACKAGE (WEL-1) FLOW RATES   PERIOD      1   STEP        1
 -----------------------------------------------
   NUMBER   CELLID                    RATE      
 -----------------------------------------------
     1      (1,26,30)            -5.50000000E-03
 -----------------------------------------------




 CHD PACKAGE (CHD-FROM-IBOUND) FLOW RATES   PERIOD      1   STEP        1
 -----------------------------------------------
   NUMBER   CELLID                    RATE      
 -----------------------------------------------
     1      (1,1,1)               1.14011621E-05
     2      (1,1,108)            -8.84767031E-06
     3      (1,2,1)               1.13852180E-05
     4      (1,2,108)            -9.02758290E-06
     5      (1,3,1)               1.13517844E-05
     6      (1,3,108)            -9.38232526E-06
     7      (1,4,1)               1.12979925E-05
     8      (1,4,108)            -9.89681230E-06
     9      (1,5,1)               1.12201013E-05
     10     (1,5,108)            -1.05377384E-05
     11     (1,6,1)               1.11141590E-05
     12     (1,6,108)            -1.12484185E-05
     13     (1,7,1)               1.09768095E-05
     14     (1,7,108)            -1.19612210E-05
     15     (1,8,1)               1.08060989E-05
     16     (1,8,108)            -1.26366230E-05
     17     (1,9,1)               1.06021018E-05
     18     (1,9,108)            -1.32651278E-05
     19     (1,10,1)              1.03672071E-05
     20     (1,10,108)           -1.38551875E-05
     21     (1,11,1)              3.23856396E-05
     22     (1,11,108)           -1.69010041E-04
     23     (1,12,1)              3.20538415E-05
     24     (1,12,108)           -1.69428041E-04
     25     (1,13,1)              3.16615117E-05
     26     (1,13,108)           -1.69712194E-04
     27     (1,14,1)              3.12215634E-05
     28     (1,14,108)           -1.69875577E-04
     29     (1,15,1)              3.07488676E-05
     30     (1,15,108)           -1.69928699E-04
     31     (1,16,1)              3.63771910E-04
     32     (1,16,108)           -1.69879792E-04
     33     (1,17,1)              3.63191492E-04
     34     (1,17,108)           -1.69734861E-04
     35     (1,18,1)              3.62540528E-04
     36     (1,18,108)           -1.69497513E-04
     37     (1,19,1)              3.61842601E-04
     38     (1,19,108)           -1.69168742E-04
     39     (1,20,1)              3.61123181E-04
     40     (1,20,108)           -1.68746880E-04
     41     (1,21,1)              2.98740285E-05
     42     (1,21,108)           -1.38595537E-05
     43     (1,22,1)              2.91713805E-05
     44     (1,22,108)           -1.33293218E-05
     45     (1,23,1)              2.85027678E-05
     46     (1,23,108)           -1.27826000E-05
     47     (1,24,1)              2.78853268E-05
     48     (1,24,108)           -1.22155547E-05
     49     (1,25,1)              2.73305994E-05
     50     (1,25,108)           -1.16264587E-05
     51     (1,26,1)              2.68441652E-05
     52     (1,26,108)           -1.34794541E-04
     53     (1,27,1)              2.64261793E-05
     54     (1,27,108)           -1.33947396E-04
     55     (1,28,1)              2.60723618E-05
     56     (1,28,108)           -1.32890388E-04
     57     (1,29,1)              2.57749305E-05
     58     (1,29,108)           -1.31671114E-04
     59     (1,30,1)              2.55231414E-05
     60     (1,30,108)           -1.30352434E-04
     61     (1,31,1)              3.03154966E-04
     62     (1,31,108)           -3.45940693E-04
     63     (1,32,1)              3.03209397E-04
     64     (1,32,108)           -3.44641702E-04
     65     (1,33,1)              3.03484558E-04
     66     (1,33,108)           -3.43438581E-04
     67     (1,34,1)              3.03894756E-04
     68     (1,34,108)           -3.42350922E-04
     69     (1,35,1)              3.04331840E-04
     70     (1,35,108)           -3.41369911E-04
     71     (1,36,1)              8.14080283E-04
     72     (1,36,108)           -3.40463538E-04
     73     (1,37,1)              8.13999035E-04
     74     (1,37,108)           -3.39586840E-04
     75     (1,38,1)              8.13447163E-04
     76     (1,38,108)           -3.38694334E-04
     77     (1,39,1)              8.12457693E-04
     78     (1,39,108)           -3.37751051E-04
     79     (1,40,1)              8.11136310E-04
     80     (1,40,108)           -3.36739399E-04
     81     (1,41,1)              8.09646462E-04
     82     (1,41,108)           -1.25243040E-04
     83     (1,42,1)              8.08183027E-04
     84     (1,42,108)           -1.24152326E-04
     85     (1,43,1)              8.06940225E-04
     86     (1,43,108)           -1.23072514E-04
     87     (1,44,1)              8.06081456E-04
     88     (1,44,108)           -1.22032328E-04
     89     (1,45,1)              8.05717000E-04
     90     (1,45,108)           -1.21075004E-04
     91     (1,46,1)              2.53506493E-05
     92     (1,46,108)           -9.71125688E-06
     93     (1,47,1)              2.55300893E-05
     94     (1,47,108)           -8.97660625E-06
     95     (1,48,1)              2.56901255E-05
     96     (1,48,108)           -8.38540921E-06
     97     (1,49,1)              2.58097469E-05
     98     (1,49,108)           -7.97853764E-06
     99     (1,50,1)              2.58735908E-05
    100     (1,50,108)           -7.77265442E-06
 -----------------------------------------------



1
  HEAD IN LAYER   1 AT END OF TIME STEP   1 IN STRESS PERIOD    1
  ---------------------------------------------------------------------------

 ........................................................................................................................................................................................................................................................................................................................................................................................................................................................................................................................................................................................................................................................................................................................................................................................................................................................................................................................................................................................................................................
   1    10.00       9.724       9.448       9.171       8.893       8.614       8.334       8.053       7.773       7.494    
        7.218       6.948       6.685       6.428       6.176       5.925       5.672       5.413       5.239       5.148    
        5.053       4.956       4.858       4.764       4.675       4.593       4.517       4.447       4.379       4.314    
        4.249       4.185       4.119       4.051       3.981       3.907       3.866       3.856       3.843       3.827    
        3.810       3.791       3.770       3.749       3.727       3.705       3.682       3.659       3.636       3.613    
        3.590       3.567       3.545       3.524       3.503       3.484       3.465       3.446       3.428       3.409    
        3.389       3.369       3.349       3.328       3.307       3.287       3.266       3.247       3.228       3.209    
        3.191       3.174       3.158       3.142       3.128       3.116       3.106       3.099       3.074       3.031    
        2.991       2.953       2.916       2.879       2.842       2.804       2.766       2.728       2.692       2.658    
        2.592       2.495       2.400       2.305       2.209       2.110       2.008       1.901       1.787       1.667    
        1.539       1.402       1.307       1.255       1.196       1.133       1.067       1.000    
   2    10.00       9.725       9.449       9.172       8.894       8.615       8.335       8.053       7.771       7.490    
        7.213       6.941       6.678       6.424       6.175       5.927       5.677       5.420       5.245       5.153    
        5.056       4.955       4.855       4.759       4.669       4.587       4.513       4.443       4.377       4.313    
        4.250       4.186       4.121       4.054       3.984       3.911       3.869       3.859       3.845       3.829    
        3.811       3.792       3.771       3.750       3.728       3.705       3.682       3.659       3.636       3.613    
        3.590       3.567       3.545       3.523       3.503       3.483       3.465       3.446       3.428       3.409    
        3.390       3.370       3.349       3.328       3.307       3.286       3.266       3.246       3.227       3.209    
        3.191       3.174       3.157       3.141       3.127       3.114       3.103       3.096       3.071       3.028    
        2.989       2.952       2.916       2.880       2.843       2.804       2.765       2.727       2.690       2.655    
        2.590       2.494       2.399       2.306       2.211       2.114       2.012       1.906       1.794       1.674    
        1.547       1.410       1.314       1.260       1.200       1.136       1.069       1.000    
   3    10.00       9.725       9.450       9.174       8.897       8.618       8.336       8.053       7.768       7.484    
        7.202       6.927       6.664       6.414       6.173       5.933       5.688       5.434       5.259       5.163    
        5.061       4.955       4.849       4.747       4.655       4.574       4.503       4.437       4.374       4.312    
        4.250       4.188       4.125       4.059       3.990       3.918       3.876       3.865       3.850       3.833    
        3.814       3.794       3.773       3.751       3.729       3.706       3.683       3.660       3.636       3.613    
        3.589       3.566       3.543       3.521       3.501       3.482       3.464       3.447       3.429       3.411    
        3.391       3.371       3.349       3.328       3.306       3.285       3.265       3.245       3.226       3.208    
        3.190       3.172       3.155       3.139       3.123       3.109       3.098       3.090       3.064       3.022    
        2.984       2.950       2.916       2.882       2.844       2.805       2.764       2.724       2.685       2.650    
        2.585       2.490       2.399       2.308       2.215       2.121       2.022       1.918       1.808       1.690    
        1.563       1.426       1.328       1.272       1.209       1.142       1.071       1.000    
   4    10.00       9.727       9.453       9.178       8.901       8.622       8.340       8.054       7.766       7.475    
        7.185       6.901       6.636       6.397       6.169       5.942       5.708       5.461       5.283       5.181    
        5.070       4.954       4.839       4.727       4.629       4.553       4.488       4.428       4.369       4.310    
        4.251       4.191       4.130       4.067       4.001       3.929       3.887       3.874       3.858       3.839    
        3.819       3.797       3.775       3.753       3.730       3.707       3.684       3.660       3.636       3.613    
        3.588       3.564       3.541       3.518       3.497       3.479       3.463       3.447       3.430       3.413    
        3.394       3.372       3.350       3.328       3.306       3.284       3.263       3.243       3.224       3.206    
        3.188       3.171       3.153       3.135       3.118       3.103       3.089       3.079       3.052       3.011    
        2.977       2.947       2.918       2.886       2.848       2.806       2.762       2.719       2.678       2.641    
        2.575       2.484       2.397       2.311       2.223       2.132       2.036       1.935       1.828       1.714    
        1.590       1.453       1.351       1.290       1.222       1.150       1.075       1.000    
   5    10.00       9.729       9.457       9.183       8.907       8.629       8.346       8.059       7.765       7.466    
        7.161       6.857       6.583       6.370       6.165       5.957       5.742       5.510       5.323       5.206    
        5.082       4.955       4.824       4.694       4.582       4.521       4.469       4.418       4.364       4.309    
        4.253       4.196       4.138       4.078       4.016       3.948       3.903       3.887       3.867       3.846    
        3.824       3.801       3.778       3.754       3.731       3.708       3.684       3.661       3.637       3.612    
        3.588       3.563       3.537       3.513       3.492       3.476       3.461       3.447       3.433       3.418    
        3.398       3.374       3.350       3.327       3.304       3.282       3.261       3.241       3.221       3.203    
        3.186       3.170       3.151       3.131       3.112       3.094       3.077       3.064       3.031       2.995    
        2.966       2.942       2.921       2.897       2.856       2.809       2.760       2.713       2.668       2.625    
        2.558       2.474       2.395       2.315       2.233       2.147       2.056       1.959       1.856       1.746    
        1.629       1.497       1.385       1.314       1.238       1.160       1.080       1.000    
   6    10.00       9.731       9.462       9.190       8.917       8.639       8.357       8.068       7.771       7.462    
        7.137       6.785       6.511       6.346       6.164       5.972       5.774       5.576       5.389       5.238    
        5.098       4.957       4.810       4.645       4.530       4.499       4.459       4.413       4.362       4.309    
        4.254       4.199       4.143       4.086       4.027       3.965       3.920       3.898       3.875       3.852    
        3.828       3.804       3.780       3.756       3.732       3.709       3.685       3.661       3.637       3.613    
        3.587       3.562       3.535       3.507       3.485       3.473       3.460       3.447       3.435       3.423    
        3.403       3.376       3.351       3.326       3.303       3.280       3.259       3.238       3.219       3.201    
        3.184       3.170       3.151       3.126       3.104       3.083       3.062       3.040       3.008       2.981    
        2.958       2.939       2.923       2.912       2.871       2.812       2.757       2.706       2.654       2.600    
        2.534       2.465       2.393       2.319       2.242       2.160       2.072       1.978       1.878       1.773    
        1.663       1.549       1.436       1.344       1.257       1.171       1.086       1.000    
   7    10.00       9.735       9.468       9.200       8.929       8.654       8.374       8.086       7.787       7.474    
        7.139       6.775       6.509       6.351       6.173       5.984       5.789       5.598       5.419       5.261    
        5.114       4.967       4.812       4.640       4.534       4.504       4.464       4.416       4.364       4.310    
        4.255       4.200       4.145       4.088       4.031       3.971       3.928       3.904       3.880       3.855    
        3.830       3.805       3.780       3.756       3.733       3.709       3.686       3.662       3.638       3.613    
        3.588       3.562       3.535       3.506       3.485       3.473       3.460       3.447       3.435       3.423    
        3.403       3.375       3.350       3.325       3.301       3.279       3.257       3.236       3.216       3.198    
        3.181       3.167       3.147       3.120       3.095       3.072       3.049       3.026       3.000       2.975    
        2.954       2.935       2.920       2.909       2.872       2.809       2.752       2.697       2.643       2.587    
        2.526       2.462       2.395       2.325       2.251       2.172       2.085       1.992       1.893       1.790    
        1.683       1.574       1.468       1.369       1.275       1.182       1.091       1.000    
   8    10.00       9.739       9.477       9.213       8.946       8.675       8.398       8.114       7.818       7.505    
        7.169       6.802       6.534       6.375       6.194       6.000       5.801       5.608       5.430       5.274    
        5.129       4.985       4.830       4.657       4.551       4.519       4.475       4.424       4.369       4.312    
        4.256       4.201       4.147       4.093       4.037       3.978       3.936       3.911       3.886       3.859    
        3.832       3.806       3.781       3.756       3.733       3.710       3.687       3.663       3.639       3.615    
        3.589       3.563       3.536       3.507       3.486       3.473       3.460       3.447       3.434       3.421    
        3.401       3.374       3.347       3.323       3.299       3.276       3.254       3.233       3.212       3.193    
        3.176       3.161       3.139       3.111       3.085       3.061       3.037       3.013       2.990       2.967    
        2.946       2.928       2.913       2.902       2.865       2.802       2.744       2.689       2.634       2.579    
        2.521       2.461       2.399       2.335       2.265       2.190       2.106       2.013       1.914       1.810    
        1.704       1.597       1.492       1.389       1.290       1.193       1.096       1.000    
   9    10.00       9.744       9.486       9.228       8.966       8.701       8.430       8.152       7.863       7.559    
        7.230       6.865       6.590       6.420       6.227       6.021       5.809       5.603       5.421       5.276    
        5.144       5.012       4.866       4.695       4.583       4.544       4.493       4.436       4.375       4.314    
        4.256       4.202       4.151       4.099       4.045       3.989       3.946       3.920       3.892       3.863    
        3.834       3.806       3.780       3.756       3.733       3.711       3.688       3.665       3.641       3.617    
        3.592       3.566       3.539       3.510       3.488       3.475       3.460       3.446       3.432       3.419    
        3.398       3.370       3.344       3.319       3.296       3.273       3.250       3.228       3.207       3.187    
        3.168       3.152       3.129       3.100       3.074       3.049       3.025       3.001       2.978       2.956    
        2.936       2.917       2.901       2.890       2.853       2.791       2.734       2.679       2.626       2.572    
        2.518       2.463       2.407       2.348       2.286       2.216       2.134       2.039       1.938       1.833    
        1.726       1.619       1.512       1.407       1.304       1.202       1.101       1.000    
  10    10.00       9.749       9.498       9.245       8.990       8.732       8.469       8.201       7.924       7.635    
        7.326       6.979       6.681       6.487       6.273       6.046       5.811       5.576       5.378       5.264    
        5.161       5.051       4.925       4.768       4.636       4.581       4.518       4.450       4.381       4.312    
        4.251       4.201       4.154       4.106       4.057       4.004       3.959       3.929       3.898       3.867    
        3.835       3.804       3.776       3.754       3.733       3.711       3.689       3.667       3.643       3.619    
        3.595       3.569       3.543       3.515       3.492       3.477       3.461       3.445       3.429       3.414    
        3.392       3.365       3.340       3.315       3.292       3.269       3.246       3.223       3.201       3.179    
        3.159       3.140       3.115       3.086       3.060       3.036       3.012       2.989       2.967       2.945    
        2.924       2.904       2.886       2.872       2.834       2.776       2.721       2.668       2.617       2.566    
        2.516       2.466       2.416       2.365       2.313       2.255       2.174       2.072       1.965       1.857    
        1.748       1.639       1.531       1.424       1.317       1.211       1.105       1.000    
  11    10.00       9.753       9.506       9.258       9.008       8.755       8.499       8.238       7.971       7.697    
        7.413       7.118       6.821       6.574       6.331       6.080       5.812       5.513       5.311       5.252    
        5.174       5.080       4.973       4.853       4.720       4.628       4.546       4.466       4.387       4.304    
        4.240       4.199       4.156       4.112       4.067       4.021       3.977       3.940       3.906       3.871    
        3.836       3.799       3.771       3.753       3.733       3.712       3.691       3.668       3.645       3.621    
        3.597       3.572       3.547       3.523       3.499       3.480       3.461       3.443       3.425       3.406    
        3.384       3.360       3.336       3.312       3.289       3.266       3.242       3.219       3.196       3.174    
        3.151       3.128       3.102       3.077       3.052       3.028       3.005       2.982       2.959       2.937    
        2.916       2.896       2.876       2.857       2.819       2.766       2.714       2.662       2.612       2.563    
        2.515       2.467       2.421       2.375       2.330       2.285       2.206       2.093       1.981       1.870    
        1.760       1.650       1.541       1.432       1.324       1.216       1.108       1.000    
  12    10.00       9.756       9.511       9.266       9.019       8.770       8.517       8.262       8.001       7.735    
        7.464       7.188       6.915       6.655       6.397       6.130       5.842       5.522       5.326       5.269    
        5.191       5.097       4.992       4.880       4.765       4.664       4.572       4.483       4.395       4.305    
        4.240       4.200       4.159       4.116       4.073       4.030       3.988       3.950       3.912       3.876    
        3.838       3.799       3.770       3.753       3.734       3.714       3.692       3.670       3.647       3.623    
        3.599       3.574       3.549       3.525       3.502       3.481       3.461       3.442       3.423       3.402    
        3.380       3.357       3.334       3.311       3.287       3.264       3.241       3.217       3.194       3.171    
        3.147       3.123       3.099       3.074       3.050       3.026       3.003       2.980       2.957       2.935    
        2.914       2.893       2.873       2.854       2.817       2.764       2.712       2.661       2.611       2.562    
        2.514       2.467       2.420       2.375       2.330       2.286       2.208       2.095       1.983       1.872    
        1.761       1.652       1.542       1.433       1.325       1.216       1.108       1.000    
  13    10.00       9.759       9.518       9.275       9.032       8.787       8.539       8.289       8.036       7.779    
        7.519       7.256       6.994       6.735       6.473       6.199       5.902       5.570       5.367       5.306    
        5.222       5.125       5.019       4.908       4.797       4.693       4.594       4.499       4.405       4.310    
        4.243       4.204       4.163       4.121       4.079       4.037       3.997       3.957       3.919       3.881    
        3.842       3.801       3.772       3.755       3.736       3.716       3.695       3.672       3.649       3.625    
        3.601       3.576       3.551       3.527       3.504       3.482       3.461       3.441       3.421       3.400    
        3.378       3.355       3.332       3.309       3.286       3.262       3.239       3.215       3.191       3.168    
        3.144       3.120       3.096       3.071       3.047       3.023       3.000       2.977       2.954       2.932    
        2.911       2.890       2.870       2.850       2.814       2.761       2.710       2.659       2.609       2.560    
        2.512       2.465       2.419       2.374       2.330       2.286       2.208       2.095       1.984       1.873    
        1.762       1.652       1.543       1.434       1.325       1.217       1.108       1.000    
  14    10.00       9.762       9.524       9.286       9.047       8.806       8.564       8.320       8.074       7.826    
        7.576       7.324       7.072       6.818       6.560       6.289       5.995       5.657       5.436       5.363    
        5.268       5.161       5.049       4.936       4.824       4.716       4.613       4.514       4.417       4.319    
        4.249       4.209       4.167       4.125       4.084       4.044       4.004       3.965       3.926       3.887    
        3.847       3.805       3.776       3.759       3.740       3.720       3.698       3.676       3.652       3.628    
        3.603       3.578       3.552       3.527       3.503       3.482       3.461       3.440       3.419       3.398    
        3.376       3.353       3.330       3.307       3.284       3.260       3.237       3.213       3.189       3.165    
        3.141       3.117       3.093       3.068       3.044       3.020       2.997       2.974       2.951       2.929    
        2.907       2.886       2.866       2.846       2.810       2.758       2.706       2.656       2.606       2.557    
        2.510       2.463       2.417       2.372       2.329       2.285       2.208       2.095       1.984       1.873    
        1.763       1.653       1.543       1.434       1.325       1.217       1.108       1.000    
  15    10.00       9.766       9.532       9.297       9.062       8.827       8.590       8.353       8.115       7.875    
        7.635       7.393       7.150       6.906       6.658       6.403       6.130       5.808       5.543       5.440    
        5.323       5.202       5.081       4.962       4.846       4.735       4.628       4.527       4.429       4.331    
        4.258       4.214       4.172       4.130       4.089       4.049       4.010       3.971       3.933       3.893    
        3.853       3.811       3.781       3.764       3.745       3.725       3.703       3.680       3.656       3.631    
        3.606       3.579       3.553       3.526       3.502       3.480       3.460       3.439       3.418       3.396    
        3.374       3.352       3.329       3.306       3.282       3.259       3.235       3.211       3.187       3.163    
        3.138       3.114       3.089       3.065       3.041       3.017       2.993       2.970       2.947       2.925    
        2.903       2.882       2.862       2.842       2.806       2.753       2.702       2.651       2.602       2.554    
        2.506       2.460       2.414       2.370       2.326       2.284       2.206       2.095       1.983       1.873    
        1.763       1.653       1.543       1.434       1.326       1.217       1.108       1.000    
  16    10.00       9.768       9.536       9.304       9.071       8.838       8.605       8.372       8.138       7.903    
        7.667       7.430       7.193       6.955       6.715       6.474       6.228       5.976       5.708       5.532    
        5.382       5.244       5.112       4.985       4.864       4.748       4.639       4.536       4.440       4.352    
        4.278       4.224       4.178       4.136       4.096       4.058       4.021       3.984       3.946       3.908    
        3.867       3.825       3.795       3.777       3.757       3.736       3.713       3.690       3.665       3.639    
        3.612       3.584       3.554       3.522       3.496       3.478       3.459       3.438       3.417       3.396    
        3.374       3.351       3.328       3.305       3.281       3.257       3.233       3.209       3.185       3.160    
        3.135       3.111       3.086       3.061       3.037       3.013       2.989       2.966       2.943       2.920    
        2.898       2.877       2.856       2.837       2.800       2.748       2.697       2.646       2.597       2.549    
        2.502       2.456       2.411       2.367       2.324       2.281       2.204       2.093       1.982       1.872    
        1.762       1.652       1.543       1.434       1.325       1.217       1.108       1.000    
  17    10.00       9.768       9.537       9.305       9.073       8.840       8.608       8.375       8.142       7.908    
        7.673       7.437       7.200       6.963       6.726       6.488       6.251       6.015       5.788       5.598    
        5.431       5.280       5.138       5.003       4.876       4.756       4.644       4.539       4.444       4.360    
        4.289       4.232       4.184       4.143       4.105       4.070       4.036       4.002       3.967       3.930    
        3.890       3.847       3.816       3.797       3.776       3.754       3.730       3.705       3.678       3.651    
        3.622       3.591       3.558       3.522       3.495       3.478       3.459       3.439       3.417       3.395    
        3.373       3.350       3.327       3.304       3.280       3.256       3.232       3.207       3.182       3.158    
        3.133       3.108       3.083       3.058       3.033       3.009       2.985       2.961       2.938       2.915    
        2.893       2.872       2.851       2.831       2.794       2.742       2.690       2.640       2.591       2.543    
        2.496       2.451       2.406       2.363       2.320       2.278       2.202       2.091       1.981       1.871    
        1.761       1.652       1.543       1.434       1.325       1.217       1.108       1.000    
  18    10.00       9.769       9.537       9.306       9.075       8.843       8.611       8.379       8.146       7.913    
        7.680       7.445       7.208       6.972       6.736       6.502       6.271       6.046       5.833       5.640    
        5.466       5.306       5.156       5.015       4.882       4.757       4.640       4.534       4.438       4.356    
        4.287       4.230       4.184       4.145       4.111       4.081       4.052       4.022       3.990       3.955    
        3.916       3.872       3.839       3.819       3.797       3.773       3.748       3.721       3.694       3.664    
        3.633       3.600       3.564       3.526       3.497       3.480       3.460       3.439       3.418       3.396    
        3.373       3.350       3.327       3.303       3.279       3.255       3.230       3.206       3.180       3.155    
        3.130       3.105       3.079       3.054       3.029       3.004       2.980       2.956       2.933       2.910    
        2.887       2.865       2.844       2.824       2.787       2.735       2.683       2.633       2.584       2.536    
        2.490       2.444       2.401       2.358       2.316       2.275       2.199       2.089       1.979       1.870    
        1.760       1.651       1.542       1.433       1.325       1.216       1.108       1.000    
  19    10.00       9.769       9.538       9.307       9.076       8.845       8.614       8.383       8.152       7.920    
        7.687       7.453       7.217       6.980       6.746       6.514       6.287       6.067       5.858       5.666    
        5.488       5.322       5.166       5.019       4.880       4.749       4.627       4.517       4.420       4.338    
        4.272       4.220       4.178       4.143       4.115       4.090       4.068       4.044       4.016       3.984    
        3.946       3.901       3.865       3.842       3.818       3.793       3.767       3.739       3.710       3.679    
        3.647       3.612       3.574       3.532       3.501       3.483       3.462       3.441       3.419       3.396    
        3.373       3.350       3.327       3.303       3.279       3.254       3.229       3.204       3.179       3.153    
        3.127       3.101       3.076       3.050       3.025       3.000       2.975       2.951       2.927       2.903    
        2.881       2.858       2.837       2.816       2.780       2.726       2.675       2.624       2.575       2.528    
        2.482       2.437       2.394       2.352       2.312       2.272       2.197       2.087       1.978       1.868    
        1.759       1.650       1.541       1.432       1.324       1.216       1.108       1.000    
  20    10.00       9.770       9.539       9.309       9.078       8.848       8.618       8.388       8.157       7.927    
        7.697       7.464       7.225       6.987       6.752       6.521       6.295       6.076       5.869       5.677    
        5.498       5.329       5.168       5.016       4.870       4.732       4.604       4.488       4.388       4.307    
        4.245       4.198       4.164       4.136       4.114       4.097       4.086       4.069       4.047       4.018    
        3.982       3.937       3.893       3.867       3.842       3.815       3.787       3.758       3.728       3.696    
        3.662       3.626       3.587       3.543       3.508       3.487       3.466       3.444       3.420       3.397    
        3.373       3.351       3.327       3.304       3.279       3.254       3.229       3.203       3.177       3.151    
        3.124       3.098       3.072       3.046       3.020       2.995       2.970       2.945       2.921       2.897    
        2.873       2.851       2.829       2.808       2.771       2.717       2.665       2.614       2.566       2.518    
        2.472       2.428       2.386       2.345       2.306       2.269       2.195       2.086       1.976       1.866    
        1.757       1.648       1.540       1.431       1.323       1.215       1.108       1.000    
  21    10.00       9.773       9.545       9.318       9.091       8.865       8.640       8.416       8.194       7.977    
        7.767       7.579       7.342       7.065       6.811       6.564       6.316       6.054       5.840       5.677    
        5.500       5.319       5.136       4.950       4.760       4.568       4.378       4.203       4.062       3.982    
        3.969       3.994       4.028       4.058       4.082       4.100       4.109       4.100       4.083       4.059    
        4.028       3.990       3.946       3.915       3.885       3.856       3.827       3.796       3.764       3.730    
        3.695       3.658       3.619       3.578       3.540       3.511       3.485       3.458       3.429       3.398    
        3.373       3.352       3.329       3.305       3.280       3.254       3.228       3.201       3.174       3.147    
        3.119       3.092       3.065       3.038       3.011       2.985       2.959       2.933       2.908       2.883    
        2.858       2.835       2.812       2.790       2.751       2.697       2.644       2.594       2.545       2.498    
        2.453       2.409       2.368       2.330       2.295       2.267       2.194       2.076       1.963       1.853    
        1.744       1.636       1.529       1.423       1.317       1.211       1.106       1.000    
  22    10.00       9.778       9.556       9.335       9.115       8.896       8.679       8.466       8.259       8.060    
        7.877       7.722       7.494       7.194       6.919       6.650       6.372       6.071       5.843       5.689    
        5.506       5.302       5.078       4.832       4.560       4.262       3.947       3.643       3.405       3.318    
        3.425       3.606       3.781       3.922       4.027       4.107       4.143       4.139       4.126       4.107    
        4.080       4.048       4.013       3.981       3.949       3.918       3.885       3.852       3.818       3.782    
        3.745       3.706       3.666       3.626       3.587       3.552       3.518       3.483       3.447       3.408    
        3.378       3.357       3.333       3.308       3.282       3.255       3.227       3.199       3.170       3.141    
        3.112       3.082       3.054       3.025       2.997       2.970       2.942       2.916       2.889       2.862    
        2.836       2.810       2.786       2.762       2.722       2.666       2.613       2.562       2.513       2.466    
        2.422       2.379       2.340       2.304       2.273       2.250       2.176       2.053       1.938       1.827    
        1.720       1.614       1.510       1.407       1.305       1.203       1.101       1.000    
  23    10.00       9.783       9.566       9.351       9.136       8.924       8.715       8.511       8.315       8.129    
        7.961       7.820       7.600       7.300       7.020       6.743       6.452       6.130       5.888       5.729    
        5.533       5.305       5.042       4.737       4.384       3.972       3.507       3.019       2.607       2.471    
        2.811       3.224       3.566       3.818       3.997       4.127       4.185       4.185       4.177       4.161    
        4.138       4.110       4.078       4.046       4.013       3.979       3.945       3.909       3.873       3.835    
        3.796       3.755       3.714       3.673       3.632       3.592       3.552       3.511       3.468       3.421    
        3.386       3.364       3.339       3.312       3.285       3.256       3.227       3.197       3.166       3.136    
        3.104       3.073       3.042       3.012       2.983       2.954       2.926       2.898       2.869       2.841    
        2.813       2.785       2.758       2.733       2.690       2.633       2.579       2.528       2.479       2.433    
        2.389       2.347       2.308       2.273       2.243       2.221       2.147       2.023       1.907       1.798    
        1.693       1.591       1.490       1.391       1.293       1.195       1.097       1.000    
  24    10.00       9.788       9.576       9.365       9.156       8.950       8.747       8.550       8.360       8.182    
        8.020       7.884       7.673       7.388       7.119       6.849       6.560       6.232       5.975       5.803    
        5.591       5.340       5.044       4.690       4.262       3.735       3.087       2.323       1.546       1.174    
        2.127       2.910       3.437       3.783       4.012       4.169       4.237       4.239       4.234       4.221    
        4.200       4.174       4.144       4.111       4.077       4.042       4.005       3.968       3.929       3.889    
        3.848       3.806       3.762       3.719       3.675       3.631       3.586       3.540       3.492       3.439    
        3.399       3.373       3.346       3.318       3.288       3.258       3.227       3.196       3.163       3.130    
        3.097       3.063       3.029       2.998       2.968       2.939       2.909       2.880       2.850       2.820    
        2.790       2.759       2.730       2.701       2.655       2.596       2.542       2.491       2.443       2.397    
        2.353       2.312       2.273       2.237       2.206       2.183       2.108       1.984       1.871       1.765    
        1.664       1.565       1.469       1.374       1.280       1.186       1.093       1.000    
  25    10.00       9.792       9.584       9.378       9.173       8.972       8.774       8.581       8.395       8.218    
        8.055       7.914       7.714       7.461       7.219       6.972       6.705       6.393       6.109       5.916    
        5.686       5.418       5.100       4.714       4.232       3.610       2.779       1.638      0.1033      -1.378    
        1.603       2.838       3.480       3.860       4.096       4.243       4.295       4.302       4.299       4.288    
        4.268       4.242       4.212       4.179       4.143       4.105       4.067       4.027       3.986       3.944    
        3.901       3.857       3.811       3.765       3.718       3.671       3.622       3.572       3.520       3.463    
        3.414       3.385       3.355       3.324       3.293       3.261       3.228       3.195       3.161       3.126    
        3.089       3.052       3.014       2.983       2.953       2.923       2.893       2.862       2.831       2.799    
        2.766       2.733       2.700       2.666       2.613       2.554       2.501       2.452       2.405       2.360    
        2.316       2.274       2.234       2.196       2.161       2.133       2.054       1.935       1.829       1.728    
        1.632       1.538       1.446       1.356       1.266       1.177       1.089       1.000    
  26    10.00       9.796       9.592       9.389       9.188       8.990       8.795       8.605       8.420       8.242    
        8.070       7.900       7.709       7.502       7.288       7.065       6.829       6.574       6.297       6.062    
        5.817       5.543       5.221       4.830       4.336       3.684       2.765       1.326      -1.390      -8.156    
        2.217       3.102       3.638       3.975       4.187       4.308       4.354       4.372       4.373       4.362    
        4.342       4.315       4.283       4.248       4.210       4.170       4.129       4.087       4.044       4.000    
        3.955       3.909       3.861       3.812       3.762       3.711       3.659       3.607       3.553       3.499    
        3.447       3.407       3.371       3.336       3.302       3.267       3.231       3.195       3.158       3.119    
        3.078       3.033       2.994       2.967       2.938       2.908       2.877       2.845       2.812       2.779    
        2.744       2.707       2.669       2.627       2.573       2.521       2.471       2.424       2.378       2.333    
        2.290       2.247       2.206       2.166       2.127       2.088       2.010       1.903       1.803       1.706    
        1.613       1.523       1.434       1.346       1.259       1.172       1.086       1.000    
  27    10.00       9.799       9.598       9.399       9.201       9.005       8.812       8.624       8.440       8.260    
        8.084       7.907       7.722       7.529       7.329       7.123       6.907       6.681       6.446       6.217    
        5.977       5.713       5.407       5.042       4.590       4.010       3.244       2.221      0.9515      0.1802    
        2.991       3.475       3.849       4.112       4.286       4.390       4.440       4.459       4.459       4.445    
        4.422       4.392       4.357       4.319       4.279       4.237       4.193       4.149       4.103       4.057    
        4.010       3.962       3.912       3.861       3.807       3.753       3.697       3.642       3.587       3.533    
        3.482       3.437       3.395       3.354       3.315       3.276       3.236       3.196       3.155       3.112    
        3.066       3.016       2.978       2.952       2.924       2.894       2.862       2.829       2.795       2.759    
        2.722       2.684       2.643       2.598       2.550       2.501       2.453       2.407       2.362       2.318    
        2.274       2.231       2.190       2.148       2.108       2.068       1.995       1.892       1.794       1.700    
        1.608       1.519       1.430       1.343       1.257       1.171       1.085       1.000    
  28    10.00       9.802       9.603       9.406       9.211       9.017       8.826       8.638       8.455       8.274    
        8.097       7.921       7.743       7.561       7.377       7.188       6.995       6.795       6.590       6.381    
        6.161       5.921       5.651       5.336       4.964       4.512       3.967       3.351       2.821       2.875    
        3.720       3.950       4.166       4.335       4.451       4.522       4.556       4.565       4.557       4.537    
        4.508       4.474       4.435       4.393       4.350       4.304       4.258       4.211       4.163       4.115    
        4.066       4.016       3.965       3.911       3.854       3.795       3.736       3.677       3.620       3.564    
        3.512       3.463       3.416       3.372       3.328       3.285       3.242       3.198       3.154       3.107    
        3.058       3.006       2.966       2.941       2.912       2.881       2.848       2.814       2.778       2.741    
        2.703       2.662       2.619       2.574       2.527       2.480       2.434       2.389       2.345       2.301    
        2.258       2.215       2.172       2.130       2.088       2.048       1.977       1.878       1.783       1.691    
        1.601       1.513       1.426       1.340       1.255       1.170       1.085       1.000    
  29    10.00       9.804       9.608       9.413       9.219       9.027       8.837       8.650       8.466       8.286    
        8.110       7.937       7.766       7.597       7.428       7.259       7.088       6.915       6.737       6.555    
        6.364       6.159       5.935       5.686       5.412       5.103       4.756       4.400       4.136       4.145    
        4.356       4.438       4.529       4.606       4.659       4.688       4.696       4.687       4.666       4.636    
        4.600       4.559       4.516       4.469       4.422       4.373       4.323       4.273       4.223       4.173    
        4.123       4.072       4.020       3.964       3.902       3.837       3.773       3.711       3.651       3.593    
        3.538       3.486       3.436       3.388       3.341       3.295       3.248       3.202       3.154       3.105    
        3.054       2.999       2.959       2.932       2.902       2.870       2.836       2.800       2.763       2.725    
        2.685       2.643       2.598       2.551       2.503       2.457       2.413       2.370       2.327       2.284    
        2.241       2.198       2.155       2.111       2.068       2.025       1.955       1.859       1.768       1.680    
        1.593       1.507       1.421       1.337       1.252       1.168       1.084       1.000    
  30    10.00       9.806       9.612       9.418       9.225       9.034       8.845       8.658       8.474       8.294    
        8.120       7.951       7.789       7.632       7.480       7.331       7.185       7.038       6.889       6.738    
        6.581       6.416       6.241       6.060       5.895       5.731       5.551       5.364       5.193       5.057    
        4.944       4.917       4.905       4.899       4.890       4.875       4.851       4.820       4.783       4.742    
        4.696       4.648       4.598       4.547       4.495       4.442       4.389       4.336       4.284       4.232    
        4.181       4.130       4.079       4.024       3.952       3.878       3.809       3.743       3.680       3.619    
        3.562       3.507       3.454       3.403       3.353       3.304       3.255       3.206       3.156       3.105    
        3.053       2.998       2.955       2.926       2.894       2.860       2.825       2.788       2.750       2.710    
        2.669       2.625       2.579       2.529       2.477       2.434       2.392       2.351       2.310       2.268    
        2.225       2.182       2.138       2.092       2.046       1.999       1.926       1.836       1.751       1.667    
        1.583       1.500       1.416       1.333       1.250       1.166       1.083       1.000    
  31    10.00       9.807       9.613       9.421       9.228       9.037       8.848       8.660       8.476       8.296    
        8.122       7.956       7.798       7.648       7.506       7.370       7.237       7.105       6.973       6.840    
        6.702       6.560       6.411       6.254       6.143       6.063       5.966       5.852       5.720       5.562    
        5.354       5.237       5.160       5.103       5.054       5.008       4.963       4.916       4.867       4.816    
        4.764       4.711       4.656       4.601       4.545       4.489       4.434       4.379       4.325       4.272    
        4.220       4.170       4.122       4.076       4.002       3.917       3.841       3.771       3.706       3.643    
        3.584       3.526       3.471       3.417       3.365       3.313       3.261       3.210       3.158       3.107    
        3.055       3.004       2.958       2.920       2.883       2.845       2.807       2.767       2.727       2.686    
        2.644       2.599       2.550       2.494       2.443       2.408       2.371       2.332       2.292       2.252    
        2.210       2.167       2.122       2.075       2.024       1.967       1.895       1.818       1.738       1.658    
        1.576       1.495       1.412       1.330       1.248       1.165       1.083       1.000    
  32    10.00       9.807       9.613       9.420       9.228       9.036       8.846       8.658       8.472       8.291    
        8.115       7.948       7.791       7.644       7.505       7.372       7.243       7.116       6.988       6.859    
        6.726       6.588       6.444       6.290       6.176       6.099       6.006       5.899       5.777       5.640    
        5.492       5.373       5.280       5.205       5.140       5.081       5.025       4.969       4.914       4.859    
        4.802       4.746       4.688       4.630       4.573       4.515       4.458       4.401       4.346       4.292    
        4.240       4.189       4.142       4.100       4.033       3.946       3.868       3.796       3.728       3.664    
        3.603       3.544       3.486       3.430       3.376       3.321       3.268       3.214       3.161       3.108    
        3.056       3.004       2.956       2.911       2.868       2.824       2.781       2.738       2.695       2.653    
        2.609       2.564       2.515       2.459       2.415       2.385       2.351       2.314       2.276       2.236    
        2.195       2.153       2.108       2.060       2.008       1.950       1.883       1.809       1.733       1.654    
        1.573       1.492       1.411       1.329       1.247       1.164       1.082       1.000    
  33    10.00       9.806       9.613       9.420       9.227       9.034       8.843       8.652       8.464       8.280    
        8.101       7.931       7.775       7.631       7.498       7.372       7.248       7.127       7.005       6.881    
        6.755       6.624       6.485       6.336       6.225       6.149       6.061       5.961       5.849       5.728    
        5.601       5.485       5.384       5.297       5.221       5.151       5.086       5.023       4.962       4.902    
        4.841       4.781       4.721       4.660       4.600       4.540       4.481       4.423       4.366       4.311    
        4.257       4.206       4.159       4.117       4.052       3.967       3.889       3.816       3.748       3.683    
        3.620       3.560       3.500       3.443       3.386       3.330       3.274       3.219       3.164       3.109    
        3.055       3.002       2.951       2.901       2.852       2.803       2.755       2.708       2.663       2.620    
        2.577       2.533       2.486       2.433       2.393       2.365       2.333       2.298       2.261       2.223    
        2.182       2.141       2.097       2.050       1.998       1.941       1.876       1.805       1.729       1.651    
        1.571       1.490       1.409       1.328       1.246       1.164       1.082       1.000    
  34    10.00       9.806       9.612       9.418       9.225       9.031       8.838       8.645       8.453       8.263    
        8.078       7.902       7.745       7.609       7.486       7.368       7.252       7.137       7.023       6.906    
        6.788       6.666       6.536       6.396       6.287       6.212       6.126       6.032       5.931       5.820    
        5.699       5.582       5.475       5.380       5.295       5.217       5.144       5.076       5.009       4.944    
        4.880       4.816       4.753       4.690       4.627       4.565       4.504       4.443       4.385       4.327    
        4.272       4.220       4.171       4.128       4.064       3.981       3.904       3.833       3.765       3.699    
        3.636       3.574       3.513       3.454       3.395       3.337       3.280       3.223       3.166       3.110    
        3.054       2.999       2.944       2.890       2.836       2.782       2.729       2.677       2.628       2.586    
        2.546       2.505       2.461       2.414       2.376       2.349       2.318       2.284       2.248       2.210    
        2.171       2.131       2.088       2.043       1.995       1.940       1.875       1.804       1.728       1.649    
        1.570       1.489       1.408       1.327       1.245       1.163       1.082       1.000    
  35    10.00       9.806       9.612       9.417       9.223       9.028       8.833       8.637       8.440       8.243    
        8.046       7.856       7.695       7.576       7.467       7.361       7.255       7.149       7.042       6.934    
        6.825       6.714       6.599       6.473       6.364       6.284       6.199       6.112       6.021       5.923    
        5.795       5.669       5.555       5.453       5.361       5.277       5.199       5.126       5.055       4.986    
        4.919       4.852       4.785       4.719       4.653       4.589       4.525       4.463       4.402       4.342    
        4.285       4.230       4.178       4.131       4.066       3.988       3.916       3.846       3.779       3.713    
        3.649       3.587       3.525       3.464       3.404       3.344       3.285       3.227       3.168       3.110    
        3.052       2.994       2.936       2.878       2.820       2.761       2.701       2.641       2.589       2.551    
        2.515       2.479       2.441       2.400       2.366       2.338       2.306       2.272       2.236       2.199    
        2.161       2.122       2.082       2.040       1.996       1.947       1.882       1.807       1.729       1.649    
        1.569       1.488       1.407       1.326       1.244       1.163       1.081       1.000    
  36    10.00       9.806       9.611       9.417       9.222       9.026       8.829       8.631       8.431       8.228    
        8.021       7.805       7.644       7.552       7.456       7.357       7.257       7.155       7.053       6.950    
        6.847       6.743       6.639       6.534       6.429       6.337       6.250       6.167       6.087       6.012    
        5.888       5.746       5.624       5.517       5.421       5.332       5.250       5.173       5.099       5.027    
        4.956       4.886       4.817       4.748       4.679       4.611       4.545       4.480       4.417       4.356    
        4.296       4.237       4.180       4.122       4.058       3.990       3.921       3.854       3.788       3.722    
        3.658       3.595       3.532       3.471       3.410       3.349       3.289       3.229       3.170       3.110    
        3.051       2.991       2.931       2.871       2.810       2.747       2.681       2.612       2.559       2.529    
        2.498       2.465       2.432       2.398       2.365       2.332       2.299       2.265       2.229       2.193    
        2.156       2.118       2.079       2.040       2.001       1.962       1.898       1.813       1.731       1.650    
        1.568       1.487       1.406       1.325       1.244       1.163       1.081       1.000    
  37    10.00       9.806       9.611       9.417       9.222       9.026       8.829       8.630       8.429       8.225    
        8.015       7.796       7.640       7.550       7.455       7.358       7.258       7.157       7.056       6.954    
        6.853       6.751       6.650       6.549       6.451       6.360       6.274       6.193       6.118       6.050    
        5.942       5.802       5.680       5.571       5.472       5.381       5.297       5.217       5.141       5.067    
        4.994       4.921       4.848       4.775       4.704       4.633       4.564       4.497       4.431       4.367    
        4.305       4.243       4.182       4.121       4.057       3.990       3.924       3.857       3.791       3.726    
        3.662       3.598       3.536       3.474       3.412       3.351       3.291       3.230       3.170       3.110    
        3.050       2.990       2.929       2.868       2.805       2.741       2.674       2.604       2.554       2.525    
        2.494       2.463       2.430       2.397       2.364       2.330       2.296       2.262       2.226       2.190    
        2.153       2.116       2.078       2.040       2.002       1.966       1.904       1.817       1.733       1.650    
        1.568       1.487       1.405       1.324       1.243       1.162       1.081       1.000    
  38    10.00       9.806       9.612       9.417       9.222       9.027       8.830       8.632       8.431       8.227    
        8.016       7.797       7.642       7.552       7.458       7.360       7.261       7.160       7.060       6.959    
        6.858       6.758       6.659       6.562       6.467       6.378       6.293       6.214       6.142       6.078    
        5.977       5.843       5.723       5.615       5.516       5.424       5.339       5.258       5.181       5.105    
        5.031       4.956       4.879       4.803       4.727       4.653       4.581       4.511       4.443       4.377    
        4.312       4.249       4.185       4.122       4.057       3.992       3.926       3.860       3.794       3.729    
        3.665       3.601       3.538       3.476       3.414       3.353       3.292       3.231       3.171       3.110    
        3.050       2.989       2.928       2.866       2.803       2.738       2.671       2.601       2.551       2.523    
        2.492       2.461       2.429       2.396       2.362       2.329       2.294       2.260       2.224       2.188    
        2.151       2.114       2.077       2.039       2.003       1.968       1.906       1.818       1.733       1.650    
        1.567       1.486       1.405       1.324       1.243       1.162       1.081       1.000    
  39    10.00       9.806       9.612       9.418       9.223       9.028       8.833       8.635       8.436       8.234    
        8.026       7.809       7.651       7.560       7.463       7.364       7.264       7.164       7.063       6.963    
        6.863       6.764       6.667       6.571       6.479       6.391       6.307       6.229       6.158       6.095    
        5.998       5.871       5.755       5.650       5.552       5.461       5.376       5.296       5.218       5.143    
        5.069       4.992       4.910       4.829       4.749       4.671       4.597       4.524       4.454       4.386    
        4.319       4.254       4.189       4.124       4.059       3.993       3.927       3.862       3.797       3.732    
        3.667       3.604       3.541       3.478       3.416       3.354       3.293       3.232       3.171       3.110    
        3.050       2.988       2.927       2.865       2.801       2.737       2.670       2.600       2.551       2.522    
        2.492       2.460       2.428       2.395       2.361       2.328       2.293       2.258       2.223       2.186    
        2.150       2.113       2.075       2.038       2.002       1.966       1.904       1.816       1.731       1.648    
        1.566       1.485       1.404       1.323       1.242       1.161       1.081       1.000    
  40    10.00       9.806       9.613       9.419       9.225       9.031       8.836       8.641       8.445       8.247    
        8.045       7.833       7.669       7.571       7.471       7.370       7.268       7.167       7.066       6.966    
        6.867       6.769       6.672       6.578       6.487       6.399       6.316       6.237       6.165       6.101    
        6.006       5.887       5.778       5.677       5.582       5.493       5.410       5.330       5.254       5.181    
        5.108       5.033       4.942       4.853       4.768       4.687       4.610       4.535       4.463       4.393    
        4.325       4.258       4.192       4.126       4.061       3.995       3.929       3.864       3.798       3.734    
        3.669       3.606       3.542       3.480       3.417       3.355       3.294       3.233       3.172       3.111    
        3.050       2.988       2.927       2.865       2.802       2.738       2.672       2.603       2.552       2.523    
        2.492       2.460       2.428       2.395       2.361       2.327       2.292       2.257       2.222       2.185    
        2.148       2.111       2.074       2.036       1.999       1.963       1.899       1.812       1.728       1.646    
        1.564       1.483       1.402       1.322       1.241       1.161       1.080       1.000    
  41    10.00       9.807       9.614       9.420       9.227       9.034       8.841       8.648       8.455       8.263    
        8.072       7.887       7.722       7.598       7.486       7.380       7.275       7.173       7.071       6.971    
        6.873       6.775       6.679       6.586       6.495       6.407       6.323       6.243       6.165       6.087    
        5.995       5.894       5.794       5.698       5.607       5.521       5.439       5.361       5.288       5.217    
        5.151       5.088       4.995       4.890       4.797       4.711       4.629       4.551       4.476       4.404    
        4.334       4.265       4.197       4.130       4.064       3.998       3.932       3.867       3.801       3.736    
        3.672       3.608       3.544       3.481       3.419       3.357       3.295       3.233       3.172       3.111    
        3.050       2.989       2.927       2.866       2.804       2.742       2.680       2.620       2.569       2.531    
        2.497       2.463       2.429       2.396       2.361       2.327       2.291       2.256       2.220       2.183    
        2.145       2.107       2.068       2.028       1.986       1.940       1.875       1.799       1.720       1.640    
        1.560       1.480       1.400       1.320       1.240       1.160       1.080       1.000    
  42    10.00       9.807       9.614       9.422       9.229       9.037       8.845       8.654       8.465       8.277    
        8.094       7.920       7.762       7.626       7.505       7.392       7.284       7.180       7.078       6.978    
        6.879       6.783       6.688       6.595       6.504       6.416       6.330       6.247       6.165       6.081    
        5.992       5.899       5.805       5.714       5.627       5.543       5.464       5.389       5.318       5.251    
        5.189       5.132       5.046       4.934       4.833       4.740       4.653       4.571       4.492       4.417    
        4.344       4.274       4.204       4.136       4.069       4.002       3.936       3.870       3.805       3.740    
        3.675       3.611       3.547       3.484       3.421       3.358       3.296       3.235       3.173       3.112    
        3.050       2.989       2.929       2.868       2.808       2.749       2.690       2.635       2.586       2.544    
        2.505       2.469       2.433       2.397       2.362       2.326       2.290       2.254       2.217       2.179    
        2.140       2.100       2.058       2.014       1.967       1.915       1.853       1.783       1.708       1.632    
        1.554       1.475       1.396       1.317       1.238       1.158       1.079       1.000    
  43    10.00       9.807       9.615       9.423       9.231       9.039       8.849       8.659       8.472       8.288    
        8.109       7.938       7.781       7.641       7.515       7.399       7.290       7.185       7.083       6.983    
        6.885       6.788       6.694       6.601       6.511       6.422       6.336       6.251       6.166       6.081    
        5.993       5.904       5.815       5.728       5.643       5.562       5.485       5.413       5.344       5.280    
        5.221       5.168       5.082       4.967       4.861       4.763       4.672       4.587       4.506       4.428    
        4.353       4.281       4.210       4.141       4.073       4.006       3.940       3.874       3.808       3.743    
        3.678       3.614       3.549       3.486       3.422       3.360       3.297       3.235       3.174       3.112    
        3.051       2.990       2.929       2.870       2.811       2.754       2.698       2.645       2.597       2.553    
        2.512       2.473       2.436       2.399       2.363       2.326       2.290       2.253       2.215       2.176    
        2.136       2.094       2.050       2.004       1.954       1.899       1.838       1.770       1.699       1.624    
        1.548       1.470       1.392       1.314       1.235       1.157       1.079       1.000    
  44    10.00       9.808       9.615       9.423       9.232       9.041       8.851       8.663       8.477       8.294    
        8.115       7.944       7.782       7.642       7.517       7.401       7.292       7.187       7.085       6.986    
        6.888       6.792       6.698       6.606       6.516       6.427       6.340       6.253       6.168       6.082    
        5.996       5.909       5.823       5.738       5.656       5.578       5.503       5.432       5.366       5.305    
        5.248       5.197       5.109       4.991       4.882       4.781       4.687       4.599       4.515       4.436    
        4.360       4.286       4.215       4.145       4.077       4.009       3.943       3.877       3.812       3.746    
        3.681       3.616       3.551       3.487       3.424       3.361       3.298       3.236       3.174       3.112    
        3.051       2.990       2.930       2.871       2.813       2.757       2.703       2.651       2.603       2.558    
        2.516       2.476       2.438       2.401       2.363       2.327       2.290       2.252       2.214       2.174    
        2.133       2.090       2.045       1.997       1.946       1.890       1.828       1.762       1.692       1.619    
        1.544       1.467       1.389       1.311       1.233       1.156       1.078       1.000    
  45    10.00       9.808       9.616       9.424       9.232       9.042       8.852       8.664       8.478       8.295    
        8.115       7.939       7.765       7.629       7.508       7.396       7.289       7.186       7.085       6.987    
        6.890       6.795       6.701       6.609       6.519       6.430       6.342       6.256       6.170       6.084    
        5.998       5.913       5.829       5.746       5.666       5.589       5.516       5.448       5.384       5.325    
        5.271       5.221       5.129       5.006       4.894       4.791       4.696       4.606       4.522       4.441    
        4.364       4.290       4.218       4.148       4.079       4.012       3.945       3.880       3.815       3.750    
        3.683       3.617       3.552       3.488       3.424       3.361       3.298       3.236       3.174       3.112    
        3.050       2.989       2.928       2.870       2.814       2.758       2.705       2.654       2.606       2.561    
        2.519       2.478       2.439       2.401       2.364       2.327       2.290       2.252       2.214       2.174    
        2.132       2.088       2.042       1.994       1.941       1.885       1.824       1.758       1.688       1.616    
        1.541       1.463       1.385       1.308       1.231       1.154       1.077       1.000    
  46    10.00       9.807       9.614       9.421       9.228       9.036       8.843       8.651       8.458       8.264    
        8.063       7.839       7.665       7.578       7.479       7.379       7.279       7.180       7.082       6.986    
        6.891       6.796       6.704       6.612       6.522       6.433       6.346       6.259       6.173       6.088    
        6.003       5.919       5.837       5.756       5.678       5.604       5.533       5.468       5.407       5.353    
        5.305       5.269       5.176       5.041       4.922       4.815       4.715       4.623       4.536       4.453    
        4.375       4.299       4.227       4.156       4.088       4.021       3.956       3.893       3.834       3.780    
        3.714       3.635       3.564       3.496       3.429       3.364       3.299       3.235       3.170       3.105    
        3.038       2.966       2.906       2.859       2.808       2.756       2.705       2.656       2.609       2.565    
        2.522       2.482       2.442       2.404       2.367       2.330       2.294       2.258       2.222       2.190    
        2.147       2.094       2.042       1.990       1.935       1.876       1.813       1.746       1.675       1.599    
        1.518       1.428       1.351       1.289       1.219       1.147       1.074       1.000    
  47    10.00       9.806       9.611       9.416       9.221       9.024       8.827       8.626       8.422       8.211    
        7.986       7.735       7.575       7.516       7.439       7.353       7.262       7.170       7.077       6.983    
        6.890       6.798       6.706       6.615       6.526       6.437       6.350       6.263       6.178       6.093    
        6.010       5.927       5.847       5.768       5.693       5.621       5.554       5.492       5.436       5.386    
        5.346       5.317       5.230       5.089       4.964       4.850       4.746       4.649       4.558       4.472    
        4.391       4.314       4.240       4.170       4.101       4.036       3.974       3.915       3.862       3.817    
        3.751       3.663       3.584       3.509       3.438       3.369       3.300       3.232       3.163       3.093    
        3.019       2.939       2.880       2.841       2.797       2.751       2.704       2.658       2.613       2.569    
        2.527       2.486       2.447       2.409       2.372       2.336       2.301       2.267       2.235       2.207    
        2.163       2.102       2.044       1.986       1.926       1.864       1.798       1.727       1.652       1.572    
        1.484       1.386       1.311       1.260       1.200       1.136       1.068       1.000    
  48    10.00       9.804       9.609       9.412       9.214       9.015       8.812       8.606       8.393       8.170    
        7.933       7.674       7.519       7.471       7.406       7.330       7.247       7.161       7.071       6.980    
        6.889       6.798       6.707       6.617       6.528       6.440       6.353       6.266       6.181       6.097    
        6.015       5.933       5.854       5.778       5.704       5.635       5.570       5.510       5.457       5.412    
        5.375       5.349       5.265       5.123       4.994       4.877       4.768       4.668       4.575       4.487    
        4.404       4.326       4.251       4.180       4.113       4.048       3.988       3.933       3.883       3.841    
        3.775       3.683       3.599       3.520       3.445       3.372       3.301       3.229       3.157       3.083    
        3.006       2.923       2.864       2.829       2.789       2.747       2.703       2.658       2.615       2.572    
        2.530       2.490       2.450       2.413       2.376       2.340       2.306       2.274       2.244       2.218    
        2.172       2.108       2.045       1.983       1.920       1.855       1.786       1.713       1.635       1.551    
        1.460       1.359       1.285       1.239       1.185       1.126       1.064       1.000    
  49    10.00       9.804       9.607       9.409       9.209       9.007       8.802       8.591       8.372       8.143    
        7.899       7.638       7.485       7.442       7.384       7.315       7.237       7.154       7.067       6.978    
        6.888       6.798       6.708       6.619       6.530       6.442       6.355       6.269       6.184       6.100    
        6.018       5.938       5.860       5.784       5.712       5.644       5.581       5.523       5.472       5.429    
        5.394       5.370       5.287       5.145       5.014       4.894       4.784       4.682       4.586       4.497    
        4.413       4.334       4.259       4.188       4.120       4.057       3.998       3.944       3.897       3.856    
        3.790       3.696       3.609       3.528       3.450       3.375       3.301       3.228       3.154       3.077    
        2.998       2.914       2.855       2.821       2.784       2.743       2.701       2.658       2.615       2.573    
        2.532       2.492       2.453       2.415       2.379       2.343       2.310       2.279       2.250       2.224    
        2.178       2.111       2.046       1.982       1.916       1.849       1.778       1.703       1.624       1.538    
        1.444       1.343       1.270       1.226       1.176       1.120       1.061       1.000    
  50    10.00       9.803       9.606       9.407       9.207       9.003       8.796       8.583       8.362       8.130    
        7.884       7.621       7.469       7.428       7.373       7.306       7.231       7.150       7.065       6.977    
        6.888       6.798       6.709       6.619       6.530       6.443       6.356       6.270       6.185       6.102    
        6.020       5.940       5.862       5.787       5.716       5.649       5.586       5.529       5.479       5.437    
        5.404       5.380       5.297       5.155       5.024       4.903       4.792       4.688       4.592       4.502    
        4.418       4.338       4.263       4.192       4.124       4.061       4.003       3.950       3.903       3.864    
        3.797       3.702       3.614       3.531       3.453       3.376       3.302       3.227       3.152       3.074    
        2.994       2.909       2.851       2.818       2.781       2.742       2.700       2.658       2.616       2.574    
        2.533       2.493       2.454       2.416       2.380       2.345       2.312       2.281       2.253       2.227    
        2.181       2.113       2.047       1.981       1.914       1.846       1.774       1.699       1.618       1.531    
        1.437       1.335       1.262       1.220       1.171       1.117       1.059       1.000    

 HEAD WILL BE SAVED ON UNIT 1015 AT END OF TIME STEP    1, STRESS PERIOD    1


  VOLUME BUDGET FOR ENTIRE MODEL AT END OF TIME STEP    1, STRESS PERIOD   1
  ---------------------------------------------------------------------------------------------------

     CUMULATIVE VOLUME      L**3       RATES FOR THIS TIME STEP      L**3/T          PACKAGE NAME    
     ------------------                 ------------------------                     ----------------

           IN:                                      IN:
           ---                                      ---
                 WEL =           0.0000                   WEL =           0.0000     WEL-1                            
                 CHD =       1.2102E-02                   CHD =       1.2102E-02     CHD-FROM-IBOUND                  

            TOTAL IN =       1.2102E-02              TOTAL IN =       1.2102E-02

          OUT:                                     OUT:
          ----                                     ----
                 WEL =       5.5000E-03                   WEL =       5.5000E-03     WEL-1                            
                 CHD =       6.6025E-03                   CHD =       6.6025E-03     CHD-FROM-IBOUND                  

           TOTAL OUT =       1.2102E-02             TOTAL OUT =       1.2102E-02

            IN - OUT =      -3.0179E-11              IN - OUT =      -3.0179E-11

 PERCENT DISCREPANCY =          -0.00     PERCENT DISCREPANCY =          -0.00




         TIME SUMMARY AT END OF TIME STEP    1 IN STRESS PERIOD    1
                    SECONDS     MINUTES      HOURS       DAYS        YEARS
                    -----------------------------------------------------------
   TIME STEP LENGTH  1.0000     1.66667E-02 2.77778E-04 1.15741E-05 3.16881E-08
 STRESS PERIOD TIME  1.0000     1.66667E-02 2.77778E-04 1.15741E-05 3.16881E-08
         TOTAL TIME  1.0000     1.66667E-02 2.77778E-04 1.15741E-05 3.16881E-08


end timestep

